9.755584	29.666667
9.743452	29.555556
9.755584	29.555556
9.767716	29.555556
9.779848	29.555556
9.413897	29.333333
9.426154	29.333333
9.438410	29.333333
9.462923	29.333333
9.719188	29.333333
9.791980	29.333333
9.804112	29.333333
9.438410	29.222222
9.389385	29.111111
9.487436	29.111111
9.499692	29.111111
9.511949	29.111111
9.816244	29.111111
9.389385	29.000000
9.487436	29.000000
9.694924	29.000000
9.389385	28.888889
9.536462	28.888889
9.694924	28.888889
9.840508	28.888889
9.536462	28.777778
9.682792	28.777778
9.840508	28.777778
9.852640	28.777778
9.352615	28.666667
9.364872	28.666667
9.560974	28.666667
9.658528	28.666667
9.670660	28.666667
9.840508	28.666667
9.364872	28.555556
9.560974	28.555556
9.573231	28.555556
9.852640	28.555556
9.352615	28.444444
9.364872	28.444444
9.597744	28.444444
9.610000	28.444444
9.622132	28.444444
9.634264	28.444444
9.646396	28.444444
9.864772	28.444444
9.876904	28.444444
9.597744	28.333333
9.610000	28.333333
9.622132	28.333333
9.634264	28.333333
9.646396	28.333333
9.864772	28.333333
9.340359	28.222222
9.889036	28.222222
9.901168	28.222222
9.340359	28.111111
9.889036	28.111111
9.901168	28.111111
9.303590	28.000000
9.315846	28.000000
9.913299	28.000000
9.925431	28.000000
9.303590	27.888889
9.315846	27.888889
9.925431	27.888889
9.254564	27.777778
9.266821	27.777778
9.279077	27.777778
9.291333	27.777778
9.937563	27.777778
9.949695	27.777778
9.961827	27.777778
9.973959	27.777778
9.949695	27.666667
9.961827	27.666667
9.973959	27.666667
9.230051	27.555556
9.242308	27.555556
9.998223	27.555556
10.010355	27.555556
10.022487	27.555556
10.034619	27.555556
10.046751	27.555556
10.058883	27.555556
10.071015	27.555556
9.230051	27.444444
9.242308	27.444444
9.998223	27.444444
10.010355	27.444444
10.022487	27.444444
10.034619	27.444444
10.046751	27.444444
10.058883	27.444444
10.071015	27.444444
0.650564	27.222222
0.662821	27.222222
0.675077	27.222222
0.687333	27.222222
0.699590	27.222222
0.711846	27.222222
0.724103	27.222222
0.736359	27.222222
0.748615	27.222222
9.181026	27.222222
9.193282	27.222222
9.205538	27.222222
10.095279	27.222222
0.675077	27.111111
0.687333	27.111111
0.699590	27.111111
0.711846	27.111111
0.724103	27.111111
0.736359	27.111111
0.748615	27.111111
0.601538	27.000000
0.613795	27.000000
0.626051	27.000000
0.638308	27.000000
0.785385	27.000000
1.067282	27.000000
1.079538	27.000000
1.091795	27.000000
1.104051	27.000000
1.116308	27.000000
1.128564	27.000000
1.140821	27.000000
1.153077	27.000000
3.180051	27.000000
3.653198	27.000000
9.132000	27.000000
9.144256	27.000000
9.156513	27.000000
9.168769	27.000000
10.095279	27.000000
0.613795	26.888889
0.785385	26.888889
0.797641	26.888889
1.067282	26.888889
1.104051	26.888889
1.116308	26.888889
1.153077	26.888889
1.165333	26.888889
3.155787	26.888889
3.167919	26.888889
3.180051	26.888889
3.192183	26.888889
3.204315	26.888889
3.216447	26.888889
3.228579	26.888889
3.240711	26.888889
3.252843	26.888889
3.264975	26.888889
3.580406	26.888889
3.592538	26.888889
3.604670	26.888889
3.616802	26.888889
3.628934	26.888889
3.641066	26.888889
3.653198	26.888889
3.665330	26.888889
3.677462	26.888889
3.689594	26.888889
3.701726	26.888889
3.713858	26.888889
3.725990	26.888889
3.738122	26.888889
3.750254	26.888889
0.577026	26.777778
0.589282	26.777778
0.809897	26.777778
0.822154	26.777778
0.834410	26.777778
1.042769	26.777778
3.131523	26.777778
3.325635	26.777778
3.568274	26.777778
8.948154	26.777778
8.960410	26.777778
8.972667	26.777778
8.984923	26.777778
8.997179	26.777778
9.070718	26.777778
9.082974	26.777778
9.095231	26.777778
10.131675	26.777778
0.577026	26.666667
0.822154	26.666667
0.834410	26.666667
1.042769	26.666667
1.238872	26.666667
3.131523	26.666667
3.277107	26.666667
3.289239	26.666667
3.301371	26.666667
3.313503	26.666667
3.325635	26.666667
3.337766	26.666667
3.507614	26.666667
3.519746	26.666667
3.531878	26.666667
3.556142	26.666667
3.568274	26.666667
3.762386	26.666667
3.774518	26.666667
3.786650	26.666667
3.798782	26.666667
3.810914	26.666667
3.823046	26.666667
3.835178	26.666667
3.847310	26.666667
3.859442	26.666667
3.871574	26.666667
5.729330	26.666667
5.741649	26.666667
5.753969	26.666667
5.766289	26.666667
5.778608	26.666667
5.790928	26.666667
8.899128	26.666667
8.923641	26.666667
0.577026	26.555556
0.858923	26.555556
0.871179	26.555556
0.907949	26.555556
1.006000	26.555556
3.531878	26.555556
3.544010	26.555556
3.762386	26.555556
3.871574	26.555556
5.729330	26.555556
5.741649	26.555556
5.753969	26.555556
5.766289	26.555556
5.778608	26.555556
8.899128	26.555556
8.911385	26.555556
8.923641	26.555556
9.033949	26.555556
9.046205	26.555556
9.058462	26.555556
10.143807	26.555556
0.577026	26.444444
0.589282	26.444444
0.858923	26.444444
0.871179	26.444444
0.883436	26.444444
0.895692	26.444444
0.907949	26.444444
0.920205	26.444444
0.932462	26.444444
0.993744	26.444444
1.006000	26.444444
1.018256	26.444444
1.263385	26.444444
1.275641	26.444444
1.300154	26.444444
1.312410	26.444444
3.082995	26.444444
3.095127	26.444444
3.362030	26.444444
3.374162	26.444444
3.386294	26.444444
3.459086	26.444444
3.471218	26.444444
3.483350	26.444444
3.895838	26.444444
5.704691	26.444444
5.803247	26.444444
5.815567	26.444444
5.827887	26.444444
5.852526	26.444444
5.889485	26.444444
8.899128	26.444444
9.033949	26.444444
0.552513	26.333333
0.956974	26.333333
0.969231	26.333333
3.362030	26.333333
3.471218	26.333333
3.895838	26.333333
5.704691	26.333333
5.803247	26.333333
5.815567	26.333333
5.827887	26.333333
5.852526	26.333333
5.864845	26.333333
5.877165	26.333333
5.889485	26.333333
8.874615	26.333333
10.168071	26.333333
0.552513	26.222222
0.956974	26.222222
0.969231	26.222222
1.373692	26.222222
1.385949	26.222222
1.410462	26.222222
1.618821	26.222222
1.631077	26.222222
1.643333	26.222222
1.655590	26.222222
3.022335	26.222222
3.034467	26.222222
3.046599	26.222222
3.058731	26.222222
3.410558	26.222222
3.422690	26.222222
3.434822	26.222222
3.920102	26.222222
3.932234	26.222222
3.944365	26.222222
5.655412	26.222222
5.667732	26.222222
5.914124	26.222222
6.271392	26.222222
6.283711	26.222222
6.320670	26.222222
6.357629	26.222222
6.369948	26.222222
10.168071	26.222222
10.180203	26.222222
0.540256	26.111111
0.552513	26.111111
3.920102	26.111111
5.655412	26.111111
5.667732	26.111111
5.680052	26.111111
5.914124	26.111111
6.271392	26.111111
6.283711	26.111111
6.296031	26.111111
6.308351	26.111111
6.320670	26.111111
6.332990	26.111111
6.345309	26.111111
6.357629	26.111111
6.369948	26.111111
7.207680	26.111111
7.220000	26.111111
7.232256	26.111111
7.256769	26.111111
7.269026	26.111111
7.796051	26.111111
7.808308	26.111111
7.820564	26.111111
7.832821	26.111111
7.845077	26.111111
7.857333	26.111111
7.869590	26.111111
7.881846	26.111111
8.494667	26.111111
8.506923	26.111111
8.862359	26.111111
10.192335	26.111111
10.204467	26.111111
0.528000	26.000000
0.540256	26.000000
1.459487	26.000000
1.471744	26.000000
1.484000	26.000000
1.496256	26.000000
1.508513	26.000000
1.520769	26.000000
1.533026	26.000000
1.545282	26.000000
1.557538	26.000000
1.569795	26.000000
1.680103	26.000000
1.692359	26.000000
1.704615	26.000000
1.716872	26.000000
1.729128	26.000000
1.741385	26.000000
1.753641	26.000000
1.765897	26.000000
1.778154	26.000000
2.998071	26.000000
3.968629	26.000000
3.980761	26.000000
3.992893	26.000000
5.630773	26.000000
5.938763	26.000000
5.951082	26.000000
5.963402	26.000000
6.222113	26.000000
6.234433	26.000000
6.406907	26.000000
6.419227	26.000000
6.443866	26.000000
6.456186	26.000000
6.912010	26.000000
8.506923	26.000000
8.519179	26.000000
10.192335	26.000000
10.204467	26.000000
0.503487	25.888889
5.926443	25.888889
5.938763	25.888889
5.951082	25.888889
6.222113	25.888889
6.234433	25.888889
6.394588	25.888889
6.406907	25.888889
6.419227	25.888889
6.431546	25.888889
6.443866	25.888889
6.862732	25.888889
6.875052	25.888889
6.887371	25.888889
6.899691	25.888889
6.912010	25.888889
7.170722	25.888889
7.183041	25.888889
7.195361	25.888889
7.759282	25.888889
7.771538	25.888889
7.783795	25.888889
7.906359	25.888889
8.359846	25.888889
8.372103	25.888889
8.384359	25.888889
8.396615	25.888889
8.408872	25.888889
8.421128	25.888889
8.433385	25.888889
8.445641	25.888889
8.457897	25.888889
8.470154	25.888889
8.519179	25.888889
8.825590	25.888889
10.192335	25.888889
10.204467	25.888889
0.503487	25.777778
1.814923	25.777778
2.803959	25.777778
2.816091	25.777778
2.828223	25.777778
2.840355	25.777778
2.852487	25.777778
2.864619	25.777778
2.876751	25.777778
2.888883	25.777778
2.901015	25.777778
2.973807	25.777778
4.017157	25.777778
4.029289	25.777778
4.041421	25.777778
5.064072	25.777778
5.076392	25.777778
5.088711	25.777778
5.101031	25.777778
5.125670	25.777778
5.137990	25.777778
5.150309	25.777778
5.162629	25.777778
5.174948	25.777778
5.187268	25.777778
5.199588	25.777778
5.211907	25.777778
5.224227	25.777778
5.236546	25.777778
5.248866	25.777778
5.261186	25.777778
5.285825	25.777778
5.988041	25.777778
6.012680	25.777778
6.037320	25.777778
6.049639	25.777778
6.061959	25.777778
6.074278	25.777778
6.098918	25.777778
6.111237	25.777778
6.123557	25.777778
6.148196	25.777778
6.160515	25.777778
6.172835	25.777778
6.185155	25.777778
6.468505	25.777778
6.480825	25.777778
6.493144	25.777778
6.505464	25.777778
6.653299	25.777778
6.665619	25.777778
7.146082	25.777778
2.901015	25.666667
4.017157	25.666667
4.029289	25.666667
4.041421	25.666667
5.064072	25.666667
5.076392	25.666667
5.088711	25.666667
5.101031	25.666667
5.113351	25.666667
5.125670	25.666667
5.137990	25.666667
5.150309	25.666667
5.162629	25.666667
5.174948	25.666667
5.187268	25.666667
5.199588	25.666667
5.211907	25.666667
5.224227	25.666667
5.236546	25.666667
5.248866	25.666667
5.261186	25.666667
5.273505	25.666667
5.285825	25.666667
5.606134	25.666667
5.988041	25.666667
6.000361	25.666667
6.012680	25.666667
6.025000	25.666667
6.037320	25.666667
6.049639	25.666667
6.061959	25.666667
6.074278	25.666667
6.086598	25.666667
6.098918	25.666667
6.111237	25.666667
6.123557	25.666667
6.135876	25.666667
6.148196	25.666667
6.160515	25.666667
6.172835	25.666667
6.185155	25.666667
6.197474	25.666667
6.468505	25.666667
6.480825	25.666667
6.505464	25.666667
6.640979	25.666667
6.653299	25.666667
6.665619	25.666667
6.677938	25.666667
6.764175	25.666667
6.776495	25.666667
6.788814	25.666667
6.801134	25.666667
6.813454	25.666667
6.825773	25.666667
6.838093	25.666667
6.936649	25.666667
6.948969	25.666667
6.961289	25.666667
6.973608	25.666667
6.985928	25.666667
7.146082	25.666667
7.367077	25.666667
7.379333	25.666667
7.391590	25.666667
7.403846	25.666667
7.428359	25.666667
7.440615	25.666667
7.465128	25.666667
7.477385	25.666667
7.698000	25.666667
7.710256	25.666667
7.722513	25.666667
7.734769	25.666667
7.930872	25.666667
7.943128	25.666667
7.955385	25.666667
7.967641	25.666667
8.310821	25.666667
8.323077	25.666667
8.335333	25.666667
8.347590	25.666667
8.543692	25.666667
8.801077	25.666667
10.216599	25.666667
10.228731	25.666667
0.478974	25.555556
1.827179	25.555556
1.839436	25.555556
1.851692	25.555556
1.863949	25.555556
2.779695	25.555556
2.937411	25.555556
2.949543	25.555556
2.961675	25.555556
4.065685	25.555556
4.077817	25.555556
5.039433	25.555556
5.569175	25.555556
5.581495	25.555556
7.722513	25.555556
8.310821	25.555556
8.323077	25.555556
8.335333	25.555556
8.347590	25.555556
8.531436	25.555556
8.543692	25.555556
8.801077	25.555556
10.216599	25.555556
10.228731	25.555556
2.779695	25.444444
2.925279	25.444444
2.937411	25.444444
2.949543	25.444444
2.961675	25.444444
4.065685	25.444444
5.027113	25.444444
5.039433	25.444444
5.310464	25.444444
5.322784	25.444444
5.335103	25.444444
5.347423	25.444444
5.359742	25.444444
5.372062	25.444444
5.384381	25.444444
5.396701	25.444444
5.569175	25.444444
5.581495	25.444444
6.542423	25.444444
6.554742	25.444444
6.567062	25.444444
6.579381	25.444444
6.591701	25.444444
6.604021	25.444444
6.702577	25.444444
6.714897	25.444444
6.727216	25.444444
7.010567	25.444444
7.035206	25.444444
7.047526	25.444444
7.084485	25.444444
7.096804	25.444444
7.109124	25.444444
7.121443	25.444444
7.501897	25.444444
7.514154	25.444444
7.526410	25.444444
7.599949	25.444444
7.612205	25.444444
7.624462	25.444444
7.636718	25.444444
7.648974	25.444444
7.661231	25.444444
7.673487	25.444444
7.685744	25.444444
7.992154	25.444444
8.004410	25.444444
8.261795	25.444444
8.274051	25.444444
8.286308	25.444444
8.543692	25.444444
8.776564	25.444444
10.240863	25.444444
10.252995	25.444444
10.265127	25.444444
10.277259	25.444444
0.454462	25.333333
1.876205	25.333333
1.888462	25.333333
1.900718	25.333333
1.912974	25.333333
1.925231	25.333333
1.937487	25.333333
1.949744	25.333333
2.719036	25.333333
2.731168	25.333333
2.743299	25.333333
2.755431	25.333333
4.102081	25.333333
4.114213	25.333333
4.126345	25.333333
5.421340	25.333333
7.010567	25.333333
7.047526	25.333333
7.992154	25.333333
8.004410	25.333333
8.274051	25.333333
8.543692	25.333333
8.776564	25.333333
10.240863	25.333333
10.252995	25.333333
10.265127	25.333333
10.277259	25.333333
1.949744	25.222222
1.962000	25.222222
2.719036	25.222222
2.755431	25.222222
4.089949	25.222222
4.102081	25.222222
4.114213	25.222222
5.014794	25.222222
5.421340	25.222222
5.544536	25.222222
5.556856	25.222222
7.059845	25.222222
7.072165	25.222222
7.550923	25.222222
7.563179	25.222222
7.575436	25.222222
8.028923	25.222222
8.041179	25.222222
8.053436	25.222222
8.065692	25.222222
8.139231	25.222222
8.151487	25.222222
8.237282	25.222222
8.543692	25.222222
8.555949	25.222222
8.776564	25.222222
0.417692	25.111111
0.429949	25.111111
1.986513	25.111111
1.998769	25.111111
2.011026	25.111111
2.682640	25.111111
2.694772	25.111111
2.706904	25.111111
4.150609	25.111111
4.977835	25.111111
4.990155	25.111111
5.532216	25.111111
7.563179	25.111111
8.041179	25.111111
8.139231	25.111111
8.151487	25.111111
8.237282	25.111111
8.543692	25.111111
8.776564	25.111111
10.301523	25.111111
2.682640	25.000000
2.694772	25.000000
4.150609	25.000000
4.977835	25.000000
4.990155	25.000000
5.458299	25.000000
5.470619	25.000000
5.482938	25.000000
5.495258	25.000000
5.507577	25.000000
5.519897	25.000000
8.090205	25.000000
8.102462	25.000000
8.188256	25.000000
8.237282	25.000000
8.568205	25.000000
8.752051	25.000000
10.325787	25.000000
0.405436	24.888889
2.035538	24.888889
2.047795	24.888889
2.060051	24.888889
2.072308	24.888889
2.084564	24.888889
2.096821	24.888889
2.109077	24.888889
2.121333	24.888889
2.621980	24.888889
2.634112	24.888889
2.646244	24.888889
2.658376	24.888889
4.174873	24.888889
8.090205	24.888889
8.102462	24.888889
8.114718	24.888889
8.188256	24.888889
8.568205	24.888889
8.580462	24.888889
8.739795	24.888889
8.752051	24.888889
10.325787	24.888889
0.405436	24.777778
2.047795	24.777778
2.060051	24.777778
2.072308	24.777778
2.084564	24.777778
2.109077	24.777778
2.621980	24.777778
2.634112	24.777778
2.646244	24.777778
2.658376	24.777778
4.162741	24.777778
4.174873	24.777778
4.953196	24.777778
8.188256	24.777778
8.212769	24.777778
8.568205	24.777778
8.580462	24.777778
8.752051	24.777778
10.337919	24.777778
10.374315	24.777778
0.405436	24.666667
2.145846	24.666667
2.585584	24.666667
8.188256	24.666667
8.200513	24.666667
8.212769	24.666667
8.568205	24.666667
8.580462	24.666667
8.752051	24.666667
10.362183	24.666667
10.374315	24.666667
2.133590	24.555556
2.145846	24.555556
2.573452	24.555556
2.585584	24.555556
2.597716	24.555556
4.199137	24.555556
4.928557	24.555556
4.940876	24.555556
8.592718	24.555556
0.368667	24.444444
0.380923	24.444444
2.170359	24.444444
2.182615	24.444444
2.194872	24.444444
2.512792	24.444444
2.537056	24.444444
2.549188	24.444444
8.592718	24.444444
8.727538	24.444444
10.398579	24.444444
10.410711	24.444444
10.422843	24.444444
0.368667	24.333333
0.380923	24.333333
2.158103	24.333333
2.170359	24.333333
2.194872	24.333333
2.500660	24.333333
2.512792	24.333333
2.524924	24.333333
2.537056	24.333333
2.549188	24.333333
4.211269	24.333333
4.223401	24.333333
4.891598	24.333333
4.903918	24.333333
8.617231	24.333333
8.715282	24.333333
8.727538	24.333333
10.422843	24.333333
0.368667	24.222222
0.380923	24.222222
2.207128	24.222222
2.219385	24.222222
2.231641	24.222222
2.243897	24.222222
2.256154	24.222222
2.268410	24.222222
2.280667	24.222222
2.292923	24.222222
2.305179	24.222222
2.317436	24.222222
2.329692	24.222222
2.341949	24.222222
2.354205	24.222222
2.366462	24.222222
2.378718	24.222222
2.390974	24.222222
2.403231	24.222222
2.440000	24.222222
2.452132	24.222222
2.464264	24.222222
2.476396	24.222222
4.223401	24.222222
8.617231	24.222222
8.629487	24.222222
8.727538	24.222222
10.422843	24.222222
10.434975	24.222222
0.368667	24.111111
2.219385	24.111111
2.231641	24.111111
2.243897	24.111111
2.256154	24.111111
2.268410	24.111111
2.280667	24.111111
2.292923	24.111111
2.305179	24.111111
2.317436	24.111111
2.329692	24.111111
2.341949	24.111111
2.354205	24.111111
2.366462	24.111111
2.378718	24.111111
2.390974	24.111111
2.403231	24.111111
2.415487	24.111111
2.427744	24.111111
2.440000	24.111111
2.452132	24.111111
2.464264	24.111111
4.223401	24.111111
4.854639	24.111111
8.678513	24.111111
8.641744	24.000000
8.654000	24.000000
8.678513	24.000000
8.690769	24.000000
10.447107	24.000000
0.344154	23.888889
0.356410	23.888889
4.247665	23.888889
4.259797	23.888889
4.805736	23.888889
4.817868	23.888889
4.830000	23.888889
8.690769	23.888889
10.447107	23.888889
0.344154	23.777778
0.356410	23.777778
4.247665	23.777778
4.805736	23.777778
4.817868	23.777778
4.830000	23.777778
8.690769	23.777778
10.447107	23.777778
4.247665	23.666667
4.648020	23.666667
4.660152	23.666667
4.672284	23.666667
4.684416	23.666667
4.696548	23.666667
4.708680	23.666667
4.720812	23.666667
4.732944	23.666667
4.745076	23.666667
4.757208	23.666667
4.769340	23.666667
10.447107	23.666667
4.247665	23.555556
4.259797	23.555556
4.648020	23.555556
4.660152	23.555556
4.672284	23.555556
4.684416	23.555556
4.696548	23.555556
4.708680	23.555556
4.720812	23.555556
4.732944	23.555556
4.745076	23.555556
4.757208	23.555556
4.769340	23.555556
4.781472	23.555556
10.447107	23.555556
0.319641	23.444444
0.331897	23.444444
4.271929	23.444444
4.284061	23.444444
4.296193	23.444444
4.526701	23.444444
4.538832	23.444444
4.550964	23.444444
4.563096	23.444444
4.575228	23.444444
4.587360	23.444444
4.599492	23.444444
4.611624	23.444444
4.623756	23.444444
10.447107	23.444444
0.319641	23.333333
0.331897	23.333333
4.284061	23.333333
4.296193	23.333333
4.526701	23.333333
4.538832	23.333333
4.550964	23.333333
4.563096	23.333333
4.575228	23.333333
4.587360	23.333333
4.599492	23.333333
4.611624	23.333333
10.471371	23.333333
10.483503	23.333333
0.319641	23.222222
0.331897	23.222222
4.320457	23.222222
4.332589	23.222222
4.344721	23.222222
4.356853	23.222222
4.368985	23.222222
4.381117	23.222222
4.393249	23.222222
4.405381	23.222222
4.478173	23.222222
4.490305	23.222222
4.502437	23.222222
10.471371	23.222222
10.483503	23.222222
0.319641	23.111111
0.331897	23.111111
4.332589	23.111111
4.393249	23.111111
10.471371	23.111111
10.483503	23.111111
0.319641	23.000000
0.331897	23.000000
4.429645	23.000000
4.441777	23.000000
4.453909	23.000000
10.471371	23.000000
10.483503	23.000000
0.319641	22.888889
0.331897	22.888889
4.429645	22.888889
4.441777	22.888889
4.453909	22.888889
0.319641	22.777778
0.331897	22.777778
10.507766	22.777778
0.319641	22.666667
0.331897	22.666667
10.507766	22.666667
0.319641	22.555556
0.331897	22.555556
10.507766	22.555556
0.319641	22.444444
0.331897	22.444444
0.319641	22.333333
0.331897	22.333333
10.532030	22.333333
0.319641	22.222222
0.331897	22.222222
10.532030	22.222222
0.319641	22.111111
0.331897	22.111111
10.519898	22.111111
10.532030	22.111111
0.319641	22.000000
0.331897	22.000000
10.519898	22.000000
10.532030	22.000000
0.319641	21.888889
0.331897	21.888889
10.519898	21.888889
10.532030	21.888889
0.319641	21.777778
0.331897	21.777778
0.319641	21.666667
0.331897	21.666667
10.544162	21.666667
10.556294	21.666667
0.319641	21.555556
0.331897	21.555556
0.319641	21.444444
0.331897	21.444444
10.544162	21.444444
10.556294	21.444444
0.319641	21.333333
0.331897	21.333333
0.319641	21.222222
0.331897	21.222222
10.568426	21.222222
10.580558	21.222222
0.319641	21.111111
0.331897	21.111111
10.580558	21.111111
0.319641	21.000000
0.331897	21.000000
10.568426	21.000000
10.580558	21.000000
0.319641	20.888889
0.331897	20.888889
10.568426	20.888889
10.580558	20.888889
0.319641	20.777778
0.331897	20.777778
10.604822	20.777778
0.319641	20.666667
0.331897	20.666667
10.604822	20.666667
0.319641	20.555556
0.331897	20.555556
10.629086	20.555556
0.319641	20.444444
0.331897	20.444444
0.319641	20.333333
0.319641	20.222222
10.653350	20.222222
0.319641	20.111111
0.331897	20.111111
0.319641	20.000000
0.331897	20.000000
10.665482	20.000000
10.677614	19.655172
0.295128	19.540230
10.677614	19.540230
0.295128	19.425287
10.677614	19.425287
0.295128	19.310345
10.677614	19.310345
0.295128	19.195402
0.295128	19.080460
10.701878	19.080460
0.295128	18.965517
10.701878	18.965517
0.295128	18.850575
10.701878	18.850575
0.295128	18.735632
10.701878	18.735632
0.295128	18.620690
0.295128	18.505747
0.295128	18.390805
0.295128	18.275862
10.726142	18.275862
0.295128	18.160920
10.726142	18.160920
0.295128	18.045977
10.726142	18.045977
0.295128	17.931034
10.726142	17.931034
0.295128	17.816092
10.726142	17.816092
0.295128	17.701149
10.726142	17.701149
10.908122	17.701149
0.295128	17.586207
10.726142	17.586207
10.932386	17.586207
0.295128	17.471264
10.932386	17.471264
0.295128	17.356322
10.750406	17.356322
10.847462	17.356322
0.295128	17.241379
10.750406	17.241379
10.847462	17.241379
10.859594	17.241379
10.944518	17.241379
0.295128	17.126437
10.750406	17.126437
10.847462	17.126437
0.295128	17.011494
10.750406	17.011494
10.847462	17.011494
0.295128	16.896552
10.847462	16.896552
10.956650	16.896552
0.295128	16.781609
10.847462	16.781609
0.295128	16.666667
10.774670	16.666667
10.847462	16.666667
0.295128	16.551724
10.774670	16.551724
10.786802	16.551724
10.968782	16.551724
10.980914	16.551724
0.295128	16.436782
10.774670	16.436782
10.823198	16.436782
10.968782	16.436782
10.980914	16.436782
0.295128	16.321839
10.823198	16.321839
10.968782	16.321839
10.980914	16.321839
0.295128	16.206897
10.811066	16.206897
10.968782	16.206897
10.980914	16.206897
0.295128	16.091954
10.811066	16.091954
10.823198	16.091954
0.295128	15.977011
10.823198	15.977011
11.005178	15.977011
0.295128	15.862069
10.823198	15.862069
11.005178	15.862069
0.295128	15.747126
11.005178	15.747126
0.295128	15.632184
11.005178	15.632184
0.295128	15.517241
11.005178	15.517241
0.295128	15.402299
11.005178	15.402299
0.295128	15.287356
11.017310	15.287356
11.029442	15.287356
0.295128	15.172414
11.029442	15.172414
0.295128	15.057471
11.029442	15.057471
0.295128	14.942529
11.029442	14.942529
0.295128	14.827586
11.029442	14.827586
0.295128	14.712644
0.295128	14.597701
11.029442	14.597701
0.295128	14.482759
11.029442	14.482759
0.295128	14.367816
0.295128	14.252874
11.053706	14.252874
0.295128	14.137931
11.053706	14.137931
0.295128	14.022989
11.053706	14.022989
0.295128	13.908046
11.053706	13.908046
0.295128	13.793103
11.053706	13.793103
0.295128	13.678161
0.295128	13.563218
11.077970	13.563218
0.295128	13.448276
11.077970	13.448276
0.295128	13.333333
11.077970	13.333333
0.295128	13.218391
0.295128	13.103448
0.295128	12.988506
11.102234	12.988506
11.114365	12.988506
0.258359	12.873563
11.102234	12.873563
11.114365	12.873563
0.258359	12.758621
0.270615	12.758621
11.102234	12.758621
11.114365	12.758621
0.258359	12.643678
0.270615	12.643678
0.270615	12.528736
11.126497	12.528736
0.258359	12.413793
0.270615	12.413793
11.126497	12.413793
0.258359	12.298851
0.270615	12.298851
11.126497	12.298851
0.258359	12.183908
0.270615	12.183908
11.126497	12.183908
0.258359	12.068966
0.270615	12.068966
11.126497	12.068966
0.258359	11.954023
0.270615	11.954023
11.126497	11.954023
0.258359	11.839080
0.270615	11.839080
11.126497	11.839080
11.138629	11.839080
0.258359	11.724138
0.270615	11.724138
0.258359	11.609195
0.270615	11.609195
11.150761	11.609195
11.162893	11.609195
0.258359	11.494253
0.270615	11.494253
11.150761	11.494253
11.162893	11.494253
0.258359	11.379310
0.270615	11.379310
11.150761	11.379310
11.162893	11.379310
0.258359	11.264368
0.270615	11.264368
11.150761	11.264368
0.258359	11.149425
0.270615	11.149425
11.150761	11.149425
11.162893	11.149425
0.258359	11.034483
0.270615	11.034483
11.150761	11.034483
11.162893	11.034483
0.258359	10.919540
0.270615	10.919540
11.150761	10.919540
11.162893	10.919540
0.258359	10.804598
0.270615	10.804598
11.150761	10.804598
11.162893	10.804598
0.258359	10.689655
0.270615	10.689655
11.150761	10.689655
0.258359	10.574713
0.270615	10.574713
11.150761	10.574713
11.162893	10.574713
0.258359	10.459770
0.270615	10.459770
11.150761	10.459770
11.162893	10.459770
0.258359	10.344828
0.270615	10.344828
11.150761	10.344828
11.162893	10.344828
0.258359	10.229885
0.270615	10.229885
0.258359	10.114943
11.175025	10.114943
11.187157	10.114943
0.270615	10.000000
11.175025	10.000000
0.258359	9.888889
0.270615	9.888889
11.175025	9.888889
0.258359	9.777778
0.270615	9.777778
11.175025	9.777778
11.187157	9.777778
0.258359	9.666667
0.270615	9.666667
11.187157	9.666667
0.258359	9.555556
0.270615	9.555556
11.175025	9.555556
11.187157	9.555556
0.258359	9.444444
0.270615	9.444444
11.187157	9.444444
0.258359	9.333333
0.270615	9.333333
0.258359	9.222222
0.270615	9.222222
11.211421	9.222222
0.258359	9.111111
0.270615	9.111111
11.199289	9.111111
11.211421	9.111111
0.258359	9.000000
0.270615	9.000000
11.199289	9.000000
11.211421	9.000000
0.258359	8.888889
0.270615	8.888889
11.211421	8.888889
0.258359	8.777778
0.270615	8.777778
11.235685	8.777778
0.258359	8.666667
0.270615	8.666667
11.235685	8.666667
0.258359	8.555556
0.270615	8.555556
11.235685	8.555556
0.258359	8.444444
0.270615	8.444444
0.258359	8.333333
0.270615	8.333333
0.258359	8.222222
0.270615	8.222222
11.259949	8.222222
0.258359	8.111111
0.270615	8.111111
11.259949	8.111111
0.258359	8.000000
0.270615	8.000000
11.259949	8.000000
0.258359	7.888889
0.270615	7.888889
11.259949	7.888889
0.258359	7.777778
0.270615	7.777778
11.259949	7.777778
0.258359	7.666667
0.270615	7.666667
0.258359	7.555556
0.270615	7.555556
11.284213	7.555556
0.258359	7.444444
0.270615	7.444444
11.284213	7.444444
0.258359	7.333333
0.270615	7.333333
11.284213	7.333333
0.258359	7.222222
0.270615	7.222222
11.284213	7.222222
0.258359	7.111111
0.270615	7.111111
11.284213	7.111111
0.258359	7.000000
0.270615	7.000000
11.284213	7.000000
0.258359	6.888889
0.270615	6.888889
11.284213	6.888889
0.270615	6.777778
0.258359	6.666667
0.270615	6.666667
11.308477	6.666667
0.258359	6.555556
0.270615	6.555556
11.308477	6.555556
0.258359	6.444444
0.270615	6.444444
11.308477	6.444444
11.308477	6.333333
0.246103	6.222222
11.308477	6.222222
0.233846	6.111111
0.246103	6.111111
11.308477	6.111111
0.233846	6.000000
11.308477	6.000000
0.233846	5.888889
11.308477	5.888889
0.062256	5.777778
0.233846	5.777778
0.062256	5.666667
0.233846	5.666667
11.332741	5.666667
0.062256	5.555556
0.233846	5.555556
0.246103	5.555556
11.332741	5.555556
0.062256	5.444444
0.233846	5.444444
0.246103	5.444444
11.332741	5.444444
0.062256	5.333333
0.233846	5.333333
0.246103	5.333333
11.332741	5.333333
0.062256	5.222222
0.233846	5.222222
0.246103	5.222222
11.332741	5.222222
0.062256	5.111111
0.233846	5.111111
0.246103	5.111111
11.332741	5.111111
0.062256	5.000000
0.233846	5.000000
0.246103	5.000000
11.332741	5.000000
0.062256	4.888889
0.233846	4.888889
0.246103	4.888889
0.062256	4.777778
0.233846	4.777778
0.246103	4.777778
11.357005	4.777778
0.062256	4.666667
0.233846	4.666667
0.246103	4.666667
11.357005	4.666667
0.062256	4.555556
0.233846	4.555556
0.246103	4.555556
11.357005	4.555556
0.062256	4.444444
0.233846	4.444444
0.246103	4.444444
11.357005	4.444444
0.062256	4.333333
0.233846	4.333333
0.246103	4.333333
11.357005	4.333333
0.062256	4.222222
0.233846	4.222222
11.357005	4.222222
0.062256	4.111111
0.233846	4.111111
11.357005	4.111111
0.062256	4.000000
0.233846	4.000000
11.357005	4.000000
0.062256	3.888889
0.233846	3.888889
11.357005	3.888889
0.062256	3.777778
0.233846	3.777778
11.357005	3.777778
0.062256	3.666667
0.233846	3.666667
11.357005	3.666667
0.062256	3.555556
0.233846	3.555556
11.357005	3.555556
0.062256	3.444444
0.233846	3.444444
11.381269	3.444444
0.062256	3.333333
0.233846	3.333333
0.246103	3.333333
11.381269	3.333333
0.062256	3.222222
0.233846	3.222222
11.381269	3.222222
0.062256	3.111111
0.233846	3.111111
0.246103	3.111111
11.381269	3.111111
0.062256	3.000000
0.233846	3.000000
11.381269	3.000000
0.062256	2.888889
0.233846	2.888889
11.381269	2.888889
0.062256	2.777778
0.233846	2.777778
11.381269	2.777778
0.062256	2.666667
0.233846	2.666667
11.381269	2.666667
0.062256	2.555556
0.233846	2.555556
11.381269	2.555556
0.062256	2.444444
0.233846	2.444444
11.381269	2.444444
0.062256	2.333333
0.233846	2.333333
11.381269	2.333333
0.062256	2.222222
0.233846	2.222222
0.062256	2.111111
0.233846	2.111111
0.062256	2.000000
0.233846	2.000000
11.405533	2.000000
0.062256	1.888889
0.233846	1.888889
11.405533	1.888889
0.062256	1.777778
0.233846	1.777778
11.405533	1.777778
0.062256	1.666667
0.233846	1.666667
11.405533	1.666667
0.062256	1.555556
0.233846	1.555556
11.405533	1.555556
0.062256	1.444444
0.233846	1.444444
11.405533	1.444444
0.062256	1.333333
0.233846	1.333333
11.405533	1.333333
0.062256	1.222222
0.233846	1.222222
11.405533	1.222222
0.062256	1.111111
0.233846	1.111111
11.405533	1.111111
0.062256	1.000000
0.233846	1.000000
11.405533	1.000000
0.062256	0.888889
0.233846	0.888889
11.405533	0.888889
0.062256	0.777778
0.233846	0.777778
11.405533	0.777778
0.062256	0.666667
0.233846	0.666667
11.429797	0.666667
0.062256	0.555556
0.233846	0.555556
11.429797	0.555556
0.062256	0.444444
0.233846	0.444444
11.429797	0.444444
0.062256	0.333333
0.233846	0.333333
11.429797	0.333333
0.062256	0.222222
11.429797	0.222222
0.062256	0.111111
11.429797	0.111111
0.062256	0.000000
11.429797	0.000000
11.441929	0.000000
0.062256	-0.114943
11.429797	-0.114943
11.441929	-0.114943
11.454061	-0.114943
0.062256	-0.229885
0.062256	-0.344828
0.233846	-0.344828
11.478325	-0.344828
0.062256	-0.459770
0.233846	-0.459770
11.478325	-0.459770
0.062256	-0.574713
0.233846	-0.574713
11.478325	-0.574713
0.062256	-0.689655
0.233846	-0.689655
11.478325	-0.689655
0.062256	-0.804598
11.478325	-0.804598
0.062256	-0.919540
11.478325	-0.919540
0.062256	-1.034483
0.209333	-1.034483
11.478325	-1.034483
0.062256	-1.149425
0.209333	-1.149425
0.062256	-1.264368
0.209333	-1.264368
0.062256	-1.379310
0.209333	-1.379310
11.502589	-1.379310
11.514721	-1.379310
0.062256	-1.494253
0.209333	-1.494253
11.502589	-1.494253
11.514721	-1.494253
0.062256	-1.609195
0.209333	-1.609195
11.502589	-1.609195
11.514721	-1.609195
0.062256	-1.724138
0.074513	-1.724138
0.086769	-1.724138
0.099026	-1.724138
0.111282	-1.724138
0.123538	-1.724138
0.135795	-1.724138
0.209333	-1.724138
11.502589	-1.724138
11.514721	-1.724138
0.135795	-1.839080
0.209333	-1.839080
11.502589	-1.839080
11.514721	-1.839080
0.135795	-1.954023
0.209333	-1.954023
11.502589	-1.954023
11.514721	-1.954023
0.135795	-2.068966
0.209333	-2.068966
11.502589	-2.068966
11.514721	-2.068966
0.135795	-2.183908
0.209333	-2.183908
11.502589	-2.183908
11.514721	-2.183908
0.135795	-2.298851
0.209333	-2.298851
11.502589	-2.298851
11.514721	-2.298851
0.209333	-2.413793
11.502589	-2.413793
11.514721	-2.413793
0.135795	-2.528736
0.209333	-2.528736
11.502589	-2.528736
11.514721	-2.528736
0.135795	-2.643678
0.209333	-2.643678
11.502589	-2.643678
11.514721	-2.643678
0.135795	-2.758621
0.209333	-2.758621
11.502589	-2.758621
11.514721	-2.758621
0.135795	-2.873563
0.209333	-2.873563
11.502589	-2.873563
11.514721	-2.873563
0.135795	-2.988506
0.209333	-2.988506
0.135795	-3.103448
0.209333	-3.103448
0.135795	-3.218391
0.209333	-3.218391
11.526853	-3.218391
0.135795	-3.333333
0.209333	-3.333333
11.526853	-3.333333
0.135795	-3.448276
0.209333	-3.448276
11.526853	-3.448276
0.135795	-3.563218
0.209333	-3.563218
11.526853	-3.563218
0.135795	-3.678161
0.209333	-3.678161
11.526853	-3.678161
0.135795	-3.793103
0.209333	-3.793103
11.526853	-3.793103
0.135795	-3.908046
0.209333	-3.908046
11.526853	-3.908046
11.538985	-3.908046
11.551117	-3.908046
11.563249	-3.908046
0.209333	-4.022989
0.135795	-4.137931
0.209333	-4.137931
11.587513	-4.137931
11.599645	-4.137931
0.209333	-4.252874
11.599645	-4.252874
11.611777	-4.252874
0.135795	-4.367816
0.209333	-4.367816
11.599645	-4.367816
11.611777	-4.367816
0.209333	-4.482759
11.611777	-4.482759
0.160308	-4.597701
0.209333	-4.597701
11.611777	-4.597701
0.160308	-4.712644
0.209333	-4.712644
11.611777	-4.712644
0.160308	-4.827586
0.209333	-4.827586
11.599645	-4.827586
0.160308	-4.942529
0.209333	-4.942529
11.599645	-4.942529
0.160308	-5.057471
0.209333	-5.057471
11.636041	-5.057471
0.160308	-5.172414
0.209333	-5.172414
11.636041	-5.172414
0.160308	-5.287356
0.209333	-5.287356
11.636041	-5.287356
0.160308	-5.402299
0.209333	-5.402299
11.623909	-5.402299
11.636041	-5.402299
0.160308	-5.517241
0.209333	-5.517241
11.636041	-5.517241
0.160308	-5.632184
0.209333	-5.632184
11.636041	-5.632184
0.160308	-5.747126
0.209333	-5.747126
11.636041	-5.747126
0.160308	-5.862069
0.209333	-5.862069
11.636041	-5.862069
0.160308	-5.977011
0.209333	-5.977011
11.636041	-5.977011
0.160308	-6.091954
0.209333	-6.091954
11.636041	-6.091954
0.160308	-6.206897
0.209333	-6.206897
11.636041	-6.206897
0.160308	-6.321839
0.209333	-6.321839
11.636041	-6.321839
0.160308	-6.436782
0.209333	-6.436782
11.636041	-6.436782
0.160308	-6.551724
0.209333	-6.551724
11.636041	-6.551724
0.160308	-6.666667
0.209333	-6.666667
11.636041	-6.666667
0.160308	-6.781609
0.209333	-6.781609
11.636041	-6.781609
0.160308	-6.896552
0.209333	-6.896552
0.160308	-7.011494
0.209333	-7.011494
11.648173	-7.011494
11.660305	-7.011494
0.160308	-7.126437
0.209333	-7.126437
11.648173	-7.126437
11.660305	-7.126437
0.160308	-7.241379
0.209333	-7.241379
11.648173	-7.241379
11.660305	-7.241379
0.160308	-7.356322
0.209333	-7.356322
11.660305	-7.356322
0.160308	-7.471264
0.209333	-7.471264
11.660305	-7.471264
0.160308	-7.586207
0.209333	-7.586207
11.648173	-7.586207
11.660305	-7.586207
0.160308	-7.701149
0.209333	-7.701149
11.648173	-7.701149
11.660305	-7.701149
0.160308	-7.816092
0.209333	-7.816092
11.648173	-7.816092
11.660305	-7.816092
0.160308	-7.931034
0.209333	-7.931034
11.648173	-7.931034
11.660305	-7.931034
0.160308	-8.045977
0.209333	-8.045977
11.648173	-8.045977
11.660305	-8.045977
0.160308	-8.160920
0.209333	-8.160920
11.648173	-8.160920
11.660305	-8.160920
0.160308	-8.275862
0.209333	-8.275862
11.648173	-8.275862
11.660305	-8.275862
0.160308	-8.390805
0.209333	-8.390805
11.648173	-8.390805
11.660305	-8.390805
0.160308	-8.505747
0.209333	-8.505747
11.648173	-8.505747
11.660305	-8.505747
0.160308	-8.620690
0.209333	-8.620690
11.648173	-8.620690
11.660305	-8.620690
0.160308	-8.735632
0.209333	-8.735632
11.648173	-8.735632
11.660305	-8.735632
0.160308	-8.850575
0.209333	-8.850575
11.648173	-8.850575
11.660305	-8.850575
0.160308	-8.965517
11.648173	-8.965517
11.660305	-8.965517
0.160308	-9.080460
0.172564	-9.080460
0.184821	-9.080460
11.648173	-9.080460
11.660305	-9.080460
0.160308	-9.195402
0.172564	-9.195402
0.184821	-9.195402
11.648173	-9.195402
11.660305	-9.195402
0.160308	-9.310345
0.172564	-9.310345
0.184821	-9.310345
11.648173	-9.310345
11.660305	-9.310345
0.160308	-9.425287
0.172564	-9.425287
0.184821	-9.425287
11.648173	-9.425287
11.660305	-9.425287
0.160308	-9.540230
0.172564	-9.540230
0.184821	-9.540230
11.648173	-9.540230
11.660305	-9.540230
0.160308	-9.655172
0.172564	-9.655172
0.184821	-9.655172
11.648173	-9.655172
0.160308	-9.770115
0.172564	-9.770115
0.184821	-9.770115
11.648173	-9.770115
11.660305	-9.770115
0.160308	-9.885057
0.172564	-9.885057
0.184821	-9.885057
11.648173	-9.885057
11.660305	-9.885057
0.160308	-10.000000
0.172564	-10.000000
0.184821	-10.000000
0.160308	-10.112360
0.184821	-10.112360
11.672437	-10.112360
11.684569	-10.112360
0.184821	-10.224719
11.672437	-10.224719
0.184821	-10.337079
11.672437	-10.337079
11.684569	-10.337079
11.696701	-10.337079
0.184821	-10.449438
11.672437	-10.449438
11.684569	-10.449438
0.184821	-10.561798
11.684569	-10.561798
0.184821	-10.674157
11.684569	-10.674157
0.184821	-10.786517
11.672437	-10.786517
11.684569	-10.786517
0.184821	-10.898876
11.672437	-10.898876
11.684569	-10.898876
0.184821	-11.011236
11.684569	-11.011236
0.184821	-11.123596
11.672437	-11.123596
11.684569	-11.123596
0.184821	-11.235955
11.672437	-11.235955
11.684569	-11.235955
0.184821	-11.348315
11.672437	-11.348315
11.684569	-11.348315
0.184821	-11.460674
11.672437	-11.460674
11.684569	-11.460674
0.184821	-11.573034
11.672437	-11.573034
11.684569	-11.573034
0.184821	-11.685393
11.672437	-11.685393
11.684569	-11.685393
0.184821	-11.797753
11.672437	-11.797753
11.684569	-11.797753
0.184821	-11.910112
11.672437	-11.910112
11.684569	-11.910112
0.184821	-12.022472
11.672437	-12.022472
11.684569	-12.022472
0.184821	-12.134831
11.672437	-12.134831
0.184821	-12.247191
0.184821	-12.359551
11.672437	-12.359551
11.684569	-12.359551
0.184821	-12.471910
11.672437	-12.471910
11.684569	-12.471910
0.184821	-12.584270
11.672437	-12.584270
0.184821	-12.696629
11.672437	-12.696629
11.684569	-12.696629
0.184821	-12.808989
11.672437	-12.808989
11.684569	-12.808989
0.184821	-12.921348
11.672437	-12.921348
11.684569	-12.921348
11.672437	-13.033708
11.684569	-13.033708
11.672437	-13.146067
11.672437	-13.258427
11.672437	-13.370787
11.672437	-13.483146
11.684569	-13.483146
11.781624	-13.483146
11.672437	-13.595506
11.684569	-13.595506
11.672437	-13.707865
11.684569	-13.707865
11.781624	-13.707865
11.672437	-13.820225
11.684569	-13.820225
11.781624	-13.820225
11.672437	-13.932584
11.684569	-13.932584
11.672437	-14.044944
11.684569	-14.044944
11.769492	-14.044944
11.781624	-14.044944
11.684569	-14.157303
11.757360	-14.157303
11.769492	-14.157303
11.757360	-14.269663
11.769492	-14.269663
11.781624	-14.269663
11.708832	-14.382022
11.757360	-14.382022
11.769492	-14.382022
11.781624	-14.382022
11.708832	-14.494382
11.757360	-14.494382
11.769492	-14.494382
11.781624	-14.494382
11.757360	-14.606742
11.769492	-14.606742
11.781624	-14.606742
11.708832	-14.719101
11.769492	-14.719101
11.781624	-14.719101
11.708832	-14.831461
11.757360	-14.831461
11.769492	-14.831461
11.781624	-14.831461
11.708832	-14.943820
11.720964	-14.943820
11.733096	-14.943820
11.769492	-14.943820
11.708832	-15.056180
11.720964	-15.056180
11.733096	-15.056180
11.781624	-15.056180
11.720964	-15.168539
11.733096	-15.168539
11.769492	-15.168539
11.781624	-15.168539
11.708832	-15.280899
11.720964	-15.280899
11.733096	-15.280899
11.781624	-15.280899
11.708832	-15.393258
11.720964	-15.393258
11.733096	-15.393258
11.708832	-15.505618
11.720964	-15.505618
11.733096	-15.505618
11.805888	-15.505618
11.818020	-15.505618
11.708832	-15.617978
11.720964	-15.617978
11.733096	-15.617978
11.805888	-15.617978
11.708832	-15.730337
11.720964	-15.730337
11.733096	-15.730337
11.805888	-15.730337
11.696701	-15.842697
11.708832	-15.842697
11.805888	-15.842697
11.708832	-15.955056
11.805888	-15.955056
11.708832	-16.067416
11.805888	-16.067416
11.805888	-16.179775
11.805888	-16.292135
11.805888	-16.404494
11.805888	-16.516854
11.805888	-16.629213
11.805888	-16.741573
11.805888	-16.853933
11.805888	-16.966292
11.805888	-17.078652
11.805888	-17.191011
11.805888	-17.303371
11.805888	-17.415730
11.805888	-17.528090
11.805888	-17.640449
11.805888	-17.752809
11.805888	-17.865169
11.805888	-17.977528
11.805888	-18.089888
11.805888	-18.202247
11.805888	-18.314607
11.805888	-18.426966
11.805888	-18.539326
11.805888	-18.651685
11.805888	-18.764045
11.805888	-18.876404
11.805888	-18.988764
11.805888	-19.101124
11.805888	-19.213483
11.805888	-19.325843
11.805888	-19.438202
11.830152	-19.662921
11.830152	-19.775281
11.830152	-19.887640
11.830152	-20.000000
11.830152	-20.109890
11.830152	-20.219780
11.830152	-20.329670
11.830152	-20.439560
11.830152	-20.549451
11.830152	-20.659341
11.830152	-20.769231
11.830152	-20.879121
11.830152	-20.989011
11.830152	-21.098901
11.830152	-21.208791
11.830152	-21.318681
11.830152	-21.428571
11.830152	-21.538462
11.830152	-21.648352
11.830152	-21.758242
11.830152	-21.868132
11.830152	-21.978022
11.830152	-22.087912
11.830152	-22.197802
11.830152	-22.307692
11.830152	-22.417582
11.830152	-22.527473
11.830152	-22.637363
11.830152	-22.747253
11.830152	-22.857143
11.854416	-23.076923
11.854416	-23.186813
11.854416	-23.296703
11.854416	-23.406593
11.854416	-23.516484
11.854416	-23.626374
11.854416	-23.736264
11.854416	-23.846154
11.854416	-23.956044
11.854416	-24.065934
11.854416	-24.175824
11.951472	-24.175824
11.854416	-24.285714
11.951472	-24.285714
11.963604	-24.285714
11.854416	-24.395604
11.951472	-24.395604
11.963604	-24.395604
11.854416	-24.505495
11.951472	-24.505495
11.963604	-24.505495
11.854416	-24.615385
11.854416	-24.725275
11.927208	-24.725275
11.975736	-24.725275
11.987868	-24.725275
11.854416	-24.835165
11.939340	-24.835165
11.975736	-24.835165
11.987868	-24.835165
11.854416	-24.945055
11.927208	-24.945055
11.987868	-24.945055
11.854416	-25.054945
11.927208	-25.054945
11.939340	-25.054945
11.975736	-25.054945
11.987868	-25.054945
11.854416	-25.164835
11.927208	-25.164835
11.987868	-25.164835
11.927208	-25.274725
11.878680	-25.384615
11.939340	-25.384615
12.000000	-25.384615
11.878680	-25.494505
11.890812	-25.494505
12.000000	-25.494505
11.878680	-25.604396
11.890812	-25.604396
11.878680	-25.714286
11.890812	-25.714286
11.902944	-25.714286
11.915076	-25.714286
11.878680	-25.824176
11.890812	-25.824176
11.902944	-25.824176
11.878680	-25.934066
11.890812	-25.934066
11.902944	-25.934066
11.915076	-25.934066
11.878680	-26.043956
11.890812	-26.043956
11.902944	-26.043956
11.915076	-26.043956
11.878680	-26.153846
11.890812	-26.153846
11.878680	-26.263736
11.878680	-26.373626
11.878680	-26.483516
