0.062256	2.048794
0.074513	-1.724138
0.086769	-1.724138
0.099026	-1.724138
0.111282	-1.724138
0.123538	-1.724138
0.135795	-2.972085
0.160308	-7.356269
0.172564	-9.540230
0.184821	-11.008579
0.209333	-4.942529
0.233846	2.959804
0.246103	4.881944
0.258359	9.625148
0.270615	9.566092
0.295128	16.264368
0.319641	21.722222
0.331897	21.818518
0.344154	23.833334
0.356410	23.833334
0.368667	24.277777
0.380923	24.333333
0.405436	24.777778
0.417692	25.111111
0.429949	25.111111
0.454462	25.333333
0.478974	25.555556
0.503487	25.833334
0.528000	26.000000
0.540256	26.055556
0.552513	26.222222
0.577026	26.611111
0.589282	26.611111
0.601538	27.000000
0.613795	26.944444
0.626051	27.000000
0.638308	27.000000
0.650564	27.222222
0.662821	27.222222
0.675077	27.166666
0.687333	27.166666
0.699590	27.166666
0.711846	27.166666
0.724103	27.166666
0.736359	27.166666
0.748615	27.166666
0.785385	26.944444
0.797641	26.888889
0.809897	26.777778
0.822154	26.722223
0.834410	26.722223
0.858923	26.500000
0.871179	26.500000
0.883436	26.444444
0.895692	26.444444
0.907949	26.500000
0.920205	26.444444
0.932462	26.444444
0.956974	26.277777
0.969231	26.277777
0.993744	26.444444
1.006000	26.500000
1.018256	26.444444
1.042769	26.722223
1.067282	26.944444
1.079538	27.000000
1.091795	27.000000
1.104051	26.944444
1.116308	26.944444
1.128564	27.000000
1.140821	27.000000
1.153077	26.944444
1.165333	26.888889
1.238872	26.666667
1.263385	26.444444
1.275641	26.444444
1.300154	26.444444
1.312410	26.444444
1.373692	26.222222
1.385949	26.222222
1.410462	26.222222
1.459487	26.000000
1.471744	26.000000
1.484000	26.000000
1.496256	26.000000
1.508513	26.000000
1.520769	26.000000
1.533026	26.000000
1.545282	26.000000
1.557538	26.000000
1.569795	26.000000
1.618821	26.222222
1.631077	26.222222
1.643333	26.222222
1.655590	26.222222
1.680103	26.000000
1.692359	26.000000
1.704615	26.000000
1.716872	26.000000
1.729128	26.000000
1.741385	26.000000
1.753641	26.000000
1.765897	26.000000
1.778154	26.000000
1.814923	25.777778
1.827179	25.555556
1.839436	25.555556
1.851692	25.555556
1.863949	25.555556
1.876205	25.333333
1.888462	25.333333
1.900718	25.333333
1.912974	25.333333
1.925231	25.333333
1.937487	25.333333
1.949744	25.277777
1.962000	25.222222
1.986513	25.111111
1.998769	25.111111
2.011026	25.111111
2.035538	24.888889
2.047795	24.833334
2.060051	24.833334
2.072308	24.833334
2.084564	24.833334
2.096821	24.888889
2.109077	24.833334
2.121333	24.888889
2.133590	24.555556
2.145846	24.611111
2.158103	24.333333
2.170359	24.388889
2.182615	24.444444
2.194872	24.388889
2.207128	24.222222
2.219385	24.166666
2.231641	24.166666
2.243897	24.166666
2.256154	24.166666
2.268410	24.166666
2.280667	24.166666
2.292923	24.166666
2.305179	24.166666
2.317436	24.166666
2.329692	24.166666
2.341949	24.166666
2.354205	24.166666
2.366462	24.166666
2.378718	24.166666
2.390974	24.166666
2.403231	24.166666
2.415487	24.111111
2.427744	24.111111
2.440000	24.166666
2.452132	24.166666
2.464264	24.166666
2.476396	24.222222
2.500660	24.333333
2.512792	24.388889
2.524924	24.333333
2.537056	24.388889
2.549188	24.388889
2.573452	24.555556
2.585584	24.611111
2.597716	24.555556
2.621980	24.833334
2.634112	24.833334
2.646244	24.833334
2.658376	24.833334
2.682640	25.055556
2.694772	25.055556
2.706904	25.111111
2.719036	25.277777
2.731168	25.333333
2.743299	25.333333
2.755431	25.277777
2.779695	25.500000
2.803959	25.777778
2.816091	25.777778
2.828223	25.777778
2.840355	25.777778
2.852487	25.777778
2.864619	25.777778
2.876751	25.777778
2.888883	25.777778
2.901015	25.722223
2.925279	25.444444
2.937411	25.500000
2.949543	25.500000
2.961675	25.500000
2.973807	25.777778
2.998071	26.000000
3.022335	26.222222
3.034467	26.222222
3.046599	26.222222
3.058731	26.222222
3.082995	26.444444
3.095127	26.444444
3.131523	26.722223
3.155787	26.888889
3.167919	26.888889
3.180051	26.944444
3.192183	26.888889
3.204315	26.888889
3.216447	26.888889
3.228579	26.888889
3.240711	26.888889
3.252843	26.888889
3.264975	26.888889
3.277107	26.666667
3.289239	26.666667
3.301371	26.666667
3.313503	26.666667
3.325635	26.722223
3.337766	26.666667
3.362030	26.388889
3.374162	26.444444
3.386294	26.444444
3.410558	26.222222
3.422690	26.222222
3.434822	26.222222
3.459086	26.444444
3.471218	26.388889
3.483350	26.444444
3.507614	26.666667
3.519746	26.666667
3.531878	26.611111
3.544010	26.555556
3.556142	26.666667
3.568274	26.722223
3.580406	26.888889
3.592538	26.888889
3.604670	26.888889
3.616802	26.888889
3.628934	26.888889
3.641066	26.888889
3.653198	26.944444
3.665330	26.888889
3.677462	26.888889
3.689594	26.888889
3.701726	26.888889
3.713858	26.888889
3.725990	26.888889
3.738122	26.888889
3.750254	26.888889
3.762386	26.611111
3.774518	26.666667
3.786650	26.666667
3.798782	26.666667
3.810914	26.666667
3.823046	26.666667
3.835178	26.666667
3.847310	26.666667
3.859442	26.666667
3.871574	26.611111
3.895838	26.388889
3.920102	26.166666
3.932234	26.222222
3.944365	26.222222
3.968629	26.000000
3.980761	26.000000
3.992893	26.000000
4.017157	25.722223
4.029289	25.722223
4.041421	25.722223
4.065685	25.500000
4.077817	25.555556
4.089949	25.222222
4.102081	25.277777
4.114213	25.277777
4.126345	25.333333
4.150609	25.055556
4.162741	24.777778
4.174873	24.833334
4.199137	24.555556
4.211269	24.333333
4.223401	24.222222
4.247665	23.722223
4.259797	23.722223
4.271929	23.444444
4.284061	23.388889
4.296193	23.388889
4.320457	23.222222
4.332589	23.166666
4.344721	23.222222
4.356853	23.222222
4.368985	23.222222
4.381117	23.222222
4.393249	23.166666
4.405381	23.222222
4.429645	22.944444
4.441777	22.944444
4.453909	22.944444
4.478173	23.222222
4.490305	23.222222
4.502437	23.222222
4.526701	23.388889
4.538832	23.388889
4.550964	23.388889
4.563096	23.388889
4.575228	23.388889
4.587360	23.388889
4.599492	23.388889
4.611624	23.388889
4.623756	23.444444
4.648020	23.611111
4.660152	23.611111
4.672284	23.611111
4.684416	23.611111
4.696548	23.611111
4.708680	23.611111
4.720812	23.611111
4.732944	23.611111
4.745076	23.611111
4.757208	23.611111
4.769340	23.611111
4.781472	23.555556
4.805736	23.833334
4.817868	23.833334
4.830000	23.833334
4.854639	24.111111
4.891598	24.333333
4.903918	24.333333
4.928557	24.555556
4.940876	24.555556
4.953196	24.777778
4.977835	25.055556
4.990155	25.055556
5.014794	25.222222
5.027113	25.444444
5.039433	25.500000
5.064072	25.722223
5.076392	25.722223
5.088711	25.722223
5.101031	25.722223
5.113351	25.666667
5.125670	25.722223
5.137990	25.722223
5.150309	25.722223
5.162629	25.722223
5.174948	25.722223
5.187268	25.722223
5.199588	25.722223
5.211907	25.722223
5.224227	25.722223
5.236546	25.722223
5.248866	25.722223
5.261186	25.722223
5.273505	25.666667
5.285825	25.722223
5.310464	25.444444
5.322784	25.444444
5.335103	25.444444
5.347423	25.444444
5.359742	25.444444
5.372062	25.444444
5.384381	25.444444
5.396701	25.444444
5.421340	25.277777
5.458299	25.000000
5.470619	25.000000
5.482938	25.000000
5.495258	25.000000
5.507577	25.000000
5.519897	25.000000
5.532216	25.111111
5.544536	25.222222
5.556856	25.222222
5.569175	25.500000
5.581495	25.500000
5.606134	25.666667
5.630773	26.000000
5.655412	26.166666
5.667732	26.166666
5.680052	26.111111
5.704691	26.388889
5.729330	26.611111
5.741649	26.611111
5.753969	26.611111
5.766289	26.611111
5.778608	26.611111
5.790928	26.666667
5.803247	26.388889
5.815567	26.388889
5.827887	26.388889
5.852526	26.388889
5.864845	26.333333
5.877165	26.333333
5.889485	26.388889
5.914124	26.166666
5.926443	25.888889
5.938763	25.944444
5.951082	25.944444
5.963402	26.000000
5.988041	25.722223
6.000361	25.666667
6.012680	25.722223
6.025000	25.666667
6.037320	25.722223
6.049639	25.722223
6.061959	25.722223
6.074278	25.722223
6.086598	25.666667
6.098918	25.722223
6.111237	25.722223
6.123557	25.722223
6.135876	25.666667
6.148196	25.722223
6.160515	25.722223
6.172835	25.722223
6.185155	25.722223
6.197474	25.666667
6.222113	25.944444
6.234433	25.944444
6.271392	26.166666
6.283711	26.166666
6.296031	26.111111
6.308351	26.111111
6.320670	26.166666
6.332990	26.111111
6.345309	26.111111
6.357629	26.166666
6.369948	26.166666
6.394588	25.888889
6.406907	25.944444
6.419227	25.944444
6.431546	25.888889
6.443866	25.944444
6.456186	26.000000
6.468505	25.722223
6.480825	25.722223
6.493144	25.777778
6.505464	25.722223
6.542423	25.444444
6.554742	25.444444
6.567062	25.444444
6.579381	25.444444
6.591701	25.444444
6.604021	25.444444
6.640979	25.666667
6.653299	25.722223
6.665619	25.722223
6.677938	25.666667
6.702577	25.444444
6.714897	25.444444
6.727216	25.444444
6.764175	25.666667
6.776495	25.666667
6.788814	25.666667
6.801134	25.666667
6.813454	25.666667
6.825773	25.666667
6.838093	25.666667
6.862732	25.888889
6.875052	25.888889
6.887371	25.888889
6.899691	25.888889
6.912010	25.944444
6.936649	25.666667
6.948969	25.666667
6.961289	25.666667
6.973608	25.666667
6.985928	25.666667
7.010567	25.388889
7.035206	25.444444
7.047526	25.388889
7.059845	25.222222
7.072165	25.222222
7.084485	25.444444
7.096804	25.444444
7.109124	25.444444
7.121443	25.444444
7.146082	25.722223
7.170722	25.888889
7.183041	25.888889
7.195361	25.888889
7.207680	26.111111
7.220000	26.111111
7.232256	26.111111
7.256769	26.111111
7.269026	26.111111
7.367077	25.666667
7.379333	25.666667
7.391590	25.666667
7.403846	25.666667
7.428359	25.666667
7.440615	25.666667
7.465128	25.666667
7.477385	25.666667
7.501897	25.444444
7.514154	25.444444
7.526410	25.444444
7.550923	25.222222
7.563179	25.166666
7.575436	25.222222
7.599949	25.444444
7.612205	25.444444
7.624462	25.444444
7.636718	25.444444
7.648974	25.444444
7.661231	25.444444
7.673487	25.444444
7.685744	25.444444
7.698000	25.666667
7.710256	25.666667
7.722513	25.611111
7.734769	25.666667
7.759282	25.888889
7.771538	25.888889
7.783795	25.888889
7.796051	26.111111
7.808308	26.111111
7.820564	26.111111
7.832821	26.111111
7.845077	26.111111
7.857333	26.111111
7.869590	26.111111
7.881846	26.111111
7.906359	25.888889
7.930872	25.666667
7.943128	25.666667
7.955385	25.666667
7.967641	25.666667
7.992154	25.388889
8.004410	25.388889
8.028923	25.222222
8.041179	25.166666
8.053436	25.222222
8.065692	25.222222
8.090205	24.944444
8.102462	24.944444
8.114718	24.888889
8.139231	25.166666
8.151487	25.166666
8.188256	24.833334
8.200513	24.666667
8.212769	24.722223
8.237282	25.111111
8.261795	25.444444
8.274051	25.388889
8.286308	25.444444
8.310821	25.611111
8.323077	25.611111
8.335333	25.611111
8.347590	25.611111
8.359846	25.888889
8.372103	25.888889
8.384359	25.888889
8.396615	25.888889
8.408872	25.888889
8.421128	25.888889
8.433385	25.888889
8.445641	25.888889
8.457897	25.888889
8.470154	25.888889
8.494667	26.111111
8.506923	26.055556
8.519179	25.944444
8.531436	25.555556
8.543692	25.388889
8.555949	25.222222
8.568205	24.833334
8.580462	24.777778
8.592718	24.500000
8.617231	24.277777
8.629487	24.222222
8.641744	24.000000
8.654000	24.000000
8.678513	24.055556
8.690769	23.888889
8.715282	24.333333
8.727538	24.333333
8.739795	24.888889
8.752051	24.833334
8.776564	25.277777
8.801077	25.611111
8.825590	25.888889
8.862359	26.111111
8.874615	26.333333
8.899128	26.555556
8.911385	26.555556
8.923641	26.611111
8.948154	26.777778
8.960410	26.777778
8.972667	26.777778
8.984923	26.777778
8.997179	26.777778
9.033949	26.500000
9.046205	26.555556
9.058462	26.555556
9.070718	26.777778
9.082974	26.777778
9.095231	26.777778
9.132000	27.000000
9.144256	27.000000
9.156513	27.000000
9.168769	27.000000
9.181026	27.222222
9.193282	27.222222
9.205538	27.222222
9.230051	27.500000
9.242308	27.500000
9.254564	27.777778
9.266821	27.777778
9.279077	27.777778
9.291333	27.777778
9.303590	27.944444
9.315846	27.944444
9.340359	28.166666
9.352615	28.555556
9.364872	28.555556
9.389385	29.000000
9.413897	29.333333
9.426154	29.333333
9.438410	29.277777
9.462923	29.333333
9.487436	29.055556
9.499692	29.111111
9.511949	29.111111
9.536462	28.833334
9.560974	28.611111
9.573231	28.555556
9.597744	28.388889
9.610000	28.388889
9.622132	28.388889
9.634264	28.388889
9.646396	28.388889
9.658528	28.666667
9.670660	28.666667
9.682792	28.777778
9.694924	28.944444
9.719188	29.333333
9.743452	29.555556
9.755584	29.611111
9.767716	29.555556
9.779848	29.555556
9.791980	29.333333
9.804112	29.333333
9.816244	29.111111
9.840508	28.777778
9.852640	28.666667
9.864772	28.388889
9.876904	28.444444
9.889036	28.166666
9.901168	28.166666
9.913299	28.000000
9.925431	27.944444
9.937563	27.777778
9.949695	27.722223
9.961827	27.722223
9.973959	27.722223
9.998223	27.500000
10.010355	27.500000
10.022487	27.500000
10.034619	27.500000
10.046751	27.500000
10.058883	27.500000
10.071015	27.500000
10.095279	27.111111
10.131675	26.777778
10.143807	26.555556
10.168071	26.277777
10.180203	26.222222
10.192335	26.000000
10.204467	26.000000
10.216599	25.611111
10.228731	25.611111
10.240863	25.388889
10.252995	25.388889
10.265127	25.388889
10.277259	25.388889
10.301523	25.111111
10.325787	24.944444
10.337919	24.777778
10.362183	24.666667
10.374315	24.722223
10.398579	24.444444
10.410711	24.444444
10.422843	24.333333
10.434975	24.222222
10.447107	23.722222
10.471371	23.166666
10.483503	23.166666
10.507766	22.666667
10.519898	22.000000
10.532030	22.111111
10.544162	21.555556
10.556294	21.555556
10.568426	21.037037
10.580558	21.055555
10.604822	20.722223
10.629086	20.555556
10.653350	20.222222
10.665482	20.000000
10.677614	19.482758
10.701878	18.908046
10.726142	17.931034
10.750406	17.183908
10.774670	16.551724
10.786802	16.551724
10.811066	16.149425
10.823198	16.137931
10.847462	17.011494
10.859594	17.241379
10.908122	17.701149
10.932386	17.528736
10.944518	17.241379
10.956650	16.896552
10.968782	16.379310
10.980914	16.379310
11.005178	15.689655
11.017310	15.287356
11.029442	14.909688
11.053706	14.022989
11.077970	13.448276
11.102234	12.873563
11.114365	12.873563
11.126497	12.183908
11.138629	11.839080
11.150761	10.977012
11.162893	10.977011
11.175025	9.867433
11.187157	9.711878
11.199289	9.055556
11.211421	9.055556
11.235685	8.666667
11.259949	8.000000
11.284213	7.222222
11.308477	6.277778
11.332741	5.333333
11.357005	4.166667
11.381269	2.888889
11.405533	1.388889
11.429797	0.277299
11.441929	-0.057472
11.454061	-0.114943
11.478325	-0.689655
11.502589	-2.126437
11.514721	-2.126437
11.526853	-3.563218
11.538985	-3.908046
11.551117	-3.908046
11.563249	-3.908046
11.587513	-4.137931
11.599645	-4.505747
11.611777	-4.482759
11.623909	-5.402299
11.636041	-5.919540
11.648173	-8.534483
11.660305	-8.400000
11.672437	-12.198034
11.684569	-12.067416
11.696701	-13.089888
11.708832	-15.272873
11.720964	-15.337079
11.733096	-15.337079
11.757360	-14.456929
11.769492	-14.561798
11.781624	-14.451167
11.805888	-17.471910
11.818020	-15.505618
11.830152	-21.263242
11.854416	-24.120879
11.878680	-25.934066
11.890812	-25.824176
11.902944	-25.879121
11.915076	-25.897436
11.927208	-25.032967
11.939340	-25.091575
11.951472	-24.340659
11.963604	-24.395604
11.975736	-24.871795
11.987868	-24.945055
12.000000	-25.439560
