Removed Pin From Net: NetName=CLK Pin=B1-1
Removed Pin From Net: NetName=GND Pin=B1-2
Removed Pin From Net: NetName=GND Pin=B1-4
Removed Pin From Net: NetName=+5V Pin=B1-5
Removed Pin From Net: NetName=GND Pin=B2-2
Removed Pin From Net: NetName=GND Pin=B2-4
Removed Pin From Net: NetName=+5V Pin=B2-5
Removed Pin From Net: NetName=+5V Pin=C2-1
Removed Pin From Net: NetName=GND Pin=C2-2
Removed Pin From Net: NetName=+5V Pin=C3-2
Removed Pin From Net: NetName=+5V Pin=C4-2
Removed Pin From Net: NetName=+5V Pin=FF1-1
Removed Pin From Net: NetName=+5V Pin=FF1-4
Removed Pin From Net: NetName=DATA_OUT Pin=FF1-5
Removed Pin From Net: NetName=GND Pin=FF1-7
Removed Pin From Net: NetName=+5V Pin=FF1-10
Removed Pin From Net: NetName=+5V Pin=FF1-13
Removed Pin From Net: NetName=+5V Pin=FF1-14
Removed Pin From Net: NetName=GND Pin=R1-2
Removed Pin From Net: NetName=GND Pin=R2-2
Removed Member From Class: ClassName=PAM_Interface Member=B1
Removed Member From Class: ClassName=PAM_Interface Member=B2
Removed Member From Class: ClassName=PAM_Interface Member=C2
Removed Member From Class: ClassName=PAM_Interface Member=C3
Removed Member From Class: ClassName=PAM_Interface Member=C4
Removed Member From Class: ClassName=PAM_Interface Member=FF1
Removed Member From Class: ClassName=PAM_Interface Member=R1
Removed Member From Class: ClassName=PAM_Interface Member=R2
Change Component Designator: OldDesignator=+5V NewDesignator=LED1
Added Pin To Net: NetName=DATA_OUT Pin=ST1-4
