Drill List

     X           Y       Diameter    Start Layer            End Layer
----------  ----------  ----------  ---------------------  ---------------------
  1446.86     1010.21          15    TOP METAL             BOT METAL         
  1408.93       971.5          15    TOP METAL             BOT METAL         
  1446.09     970.854          15    TOP METAL             BOT METAL         
  1358.47     1025.36           8    TOP METAL             BOT METAL         
  1494.94     1024.85           8    TOP METAL             BOT METAL         
  1494.33     979.527           8    TOP METAL             BOT METAL         
     1150         380          15    TOP METAL             BOT METAL         
     1470         320          20    TOP METAL             BOT METAL         
  1408.26     1009.59          15    TOP METAL             BOT METAL         
  4793.35     1009.27          15    TOP METAL             BOT METAL         
  4831.98     971.013          15    TOP METAL             BOT METAL         
  4792.98     970.499          15    TOP METAL             BOT METAL         
     1357     977.412           8    TOP METAL             BOT METAL         
     3290     125.197          20    TOP METAL             BOT METAL         
     3308         532          20    TOP METAL             BOT METAL         
      100        1150          90    TOP METAL             BOT METAL         
      100         850          90    TOP METAL             BOT METAL         
      100         100          90    TOP METAL             BOT METAL         
     1100         100          90    TOP METAL             BOT METAL         
     4500        1250          90    TOP METAL             BOT METAL         
     4500         750          90    TOP METAL             BOT METAL         
      100        1530          90    TOP METAL             BOT METAL         
      100         470          90    TOP METAL             BOT METAL         
     3900         100          90    TOP METAL             BOT METAL         
  5297.14     1862.86          20    TOP METAL             BOT METAL         
     1800     125.197          20    TOP METAL             BOT METAL         
     4900         100          90    TOP METAL             BOT METAL         
     7400         100          90    TOP METAL             BOT METAL         
     7400         470          90    TOP METAL             BOT METAL         
     7400         850          90    TOP METAL             BOT METAL         
     7400        1150          90    TOP METAL             BOT METAL         
     7400        1530          90    TOP METAL             BOT METAL         
     7400        1900          90    TOP METAL             BOT METAL         
     6200        1900          90    TOP METAL             BOT METAL         
     6200         100          90    TOP METAL             BOT METAL         
     2500         750          90    TOP METAL             BOT METAL         
     2906         568          20    TOP METAL             BOT METAL         
     4662         346          20    TOP METAL             BOT METAL         
  2839.37     1039.37           8    TOP METAL             BOT METAL         
  2760.63     1039.37           8    TOP METAL             BOT METAL         
  2760.63      960.63           8    TOP METAL             BOT METAL         
     2800        1000           8    TOP METAL             BOT METAL         
     2800      960.63           8    TOP METAL             BOT METAL         
  2839.37      960.63           8    TOP METAL             BOT METAL         
  6059.37     1039.37           8    TOP METAL             BOT METAL         
  5980.63     1039.37           8    TOP METAL             BOT METAL         
  5980.63      960.63           8    TOP METAL             BOT METAL         
     6020        1000           8    TOP METAL             BOT METAL         
     6020      960.63           8    TOP METAL             BOT METAL         
  6059.37      960.63           8    TOP METAL             BOT METAL         
     1100        1900          90    TOP METAL             BOT METAL         
     1040     694.803          20    TOP METAL             BOT METAL         
   359.37        1040           8    TOP METAL             BOT METAL         
   280.63        1040           8    TOP METAL             BOT METAL         
   280.63      961.26           8    TOP METAL             BOT METAL         
      320     1000.63           8    TOP METAL             BOT METAL         
      320      961.26           8    TOP METAL             BOT METAL         
   359.37      961.26           8    TOP METAL             BOT METAL         
     6860         240          25    TOP METAL             BOT METAL         
     4900        1900          90    TOP METAL             BOT METAL         
  4744.74        1025           8    TOP METAL             BOT METAL         
     4745         979           8    TOP METAL             BOT METAL         
  1818.11     1039.37           8    TOP METAL             BOT METAL         
  1739.37     1039.37           8    TOP METAL             BOT METAL         
  1739.37      960.63           8    TOP METAL             BOT METAL         
  1778.74        1000           8    TOP METAL             BOT METAL         
  1778.74      960.63           8    TOP METAL             BOT METAL         
  1818.11      960.63           8    TOP METAL             BOT METAL         
  3709.37     1039.37           8    TOP METAL             BOT METAL         
  3630.63     1039.37           8    TOP METAL             BOT METAL         
  3630.63      960.63           8    TOP METAL             BOT METAL         
     3670        1000           8    TOP METAL             BOT METAL         
     3670      960.63           8    TOP METAL             BOT METAL         
  3709.37      960.63           8    TOP METAL             BOT METAL         
      100        1900          90    TOP METAL             BOT METAL         
     2415     59.9999          20    TOP METAL             BOT METAL         
     2585     59.9999          20    TOP METAL             BOT METAL         
     2100         100          90    TOP METAL             BOT METAL         
     3100         100          90    TOP METAL             BOT METAL         
     4585          50          20    TOP METAL             BOT METAL         
     4415          50          20    TOP METAL             BOT METAL         
     4575        1940          20    TOP METAL             BOT METAL         
     4415        1940          20    TOP METAL             BOT METAL         
     2575        1940          20    TOP METAL             BOT METAL         
     2415        1940          20    TOP METAL             BOT METAL         
     3380         750          20    TOP METAL             BOT METAL         
     3000         750          20    TOP METAL             BOT METAL         
     3780         750          20    TOP METAL             BOT METAL         
     4080         750          20    TOP METAL             BOT METAL         
   5784.9     536.118          20    TOP METAL             BOT METAL         
     1140        1130          20    TOP METAL             BOT METAL         
     1050         870          20    TOP METAL             BOT METAL         
     1230         870          20    TOP METAL             BOT METAL         
     6506         502          20    TOP METAL             BOT METAL         
     7060         385          25    TOP METAL             BOT METAL         
     7040        1330          20    TOP METAL             BOT METAL         
     1016        1592          25    TOP METAL             BOT METAL         
     1312        1180          20    TOP METAL             BOT METAL         
     1680        1180          25    TOP METAL             BOT METAL         
  1446.01      1063.7          10    TOP METAL             BOT METAL         
      872         320          20    TOP METAL             BOT METAL         
     2280         242          20    TOP METAL             BOT METAL         
     3574        1160          25    TOP METAL             BOT METAL         
     3950        1318          20    TOP METAL             BOT METAL         
     4220      1660.8          20    TOP METAL             BOT METAL         
      210        1210          25    TOP METAL             BOT METAL         
      806        1324          20    TOP METAL             BOT METAL         
      600        1674          20    TOP METAL             BOT METAL         
     2048        1318          20    TOP METAL             BOT METAL         
     1890        1778          20    TOP METAL             BOT METAL         
     3080        1672          20    TOP METAL             BOT METAL         
     3016        1384          20    TOP METAL             BOT METAL         
     3078        1318          20    TOP METAL             BOT METAL         
     2702        1170          25    TOP METAL             BOT METAL         
     5584        1566          20    TOP METAL             BOT METAL         
     6568        1590          25    TOP METAL             BOT METAL         
     6326        1674          20    TOP METAL             BOT METAL         
     5916        1208          25    TOP METAL             BOT METAL         
     5062        1168          25    TOP METAL             BOT METAL         
     4894        1138          15    TOP METAL             BOT METAL         
  5650.61        1325          20    TOP METAL             BOT METAL         
     6526        1322          20    TOP METAL             BOT METAL         
     5686         528          20    TOP METAL             BOT METAL         
     5468         628          20    TOP METAL             BOT METAL         
     5414         282          20    TOP METAL             BOT METAL         
  914.905     536.118          20    TOP METAL             BOT METAL         
     3718          94          20    TOP METAL             BOT METAL         
     4026         676          20    TOP METAL             BOT METAL         
     3784         498          20    TOP METAL             BOT METAL         
     2100        1900          90    TOP METAL             BOT METAL         
   3415.1     1463.88          20    TOP METAL             BOT METAL         
     2500        1250          90    TOP METAL             BOT METAL         
     6900        1320          30    TOP METAL             BOT METAL         
     4915         356          15    TOP METAL             BOT METAL         
     5215         354          15    TOP METAL             BOT METAL         
     1522         292          20    TOP METAL             BOT METAL         
     6786        1054          10    TOP METAL             BOT METAL         
     6798         942          10    TOP METAL             BOT METAL         
     6862         942          10    TOP METAL             BOT METAL         
  4830.99        1060          15    TOP METAL             BOT METAL         
  4830.99        1010          15    TOP METAL             BOT METAL         
  4881.94        1025           8    TOP METAL             BOT METAL         
  4881.29     979.437           8    TOP METAL             BOT METAL         
  5209.37     1039.37           8    TOP METAL             BOT METAL         
  5130.63     1039.37           8    TOP METAL             BOT METAL         
  5130.63      960.63           8    TOP METAL             BOT METAL         
     5170        1000           8    TOP METAL             BOT METAL         
     5170      960.63           8    TOP METAL             BOT METAL         
  5209.37      960.63           8    TOP METAL             BOT METAL         
     3900        1900          90    TOP METAL             BOT METAL         
     3100        1900          90    TOP METAL             BOT METAL         
     6824        1058          10    TOP METAL             BOT METAL         
     6862        1054          10    TOP METAL             BOT METAL         
     6830         942          10    TOP METAL             BOT METAL         
