Add component: Footprint Not Found LEDC3216X110N
Add component: Footprint Not Found LEDC3216X110N
Add component: Footprint Not Found LEDC3216X110N
Add component: Footprint Not Found CON4_2X2_UF_DF11_HIR
Add component: Footprint Not Found CON4_2X2_UF_DF11_HIR
Add component: Footprint Not Found CON4_2X2_UF_DF11_HIR
Add component: Footprint Not Found CON4_2X2_UF_DF11_HIR
Add component: Footprint Not Found HIROSE_DF11-6DP-2DSA(24)
Add component: Footprint Not Found SOT95P280X100-6N
Add component: Footprint Not Found SOT95P280X100-6N
Add component: Footprint Not Found CON4_2X2_UF_DF11_HIR
Add component: Footprint Not Found CAPC2012X145N
Add component: Footprint Not Found CAPC2012X145N
Add component: Footprint Not Found CAPC2012X70N
Add component: Footprint Not Found CAPC2012X70N
Add component: Footprint Not Found CON4_2X2_UF_DF11_HIR
Add component: Footprint Not Found CON14_2X7_UF_DF11_HIR
Add component: Footprint Not Found PW14
Add component: Footprint Not Found HIROSE_DF11-8DP-2DSA(24)
Add component: Footprint Not Found LEDC3216X110N
Add component: Footprint Not Found ERA6AEB101V
Add component: Footprint Not Found ERA6AEB101V
Add component: Footprint Not Found RES_ERA6VEB1000V
Add component: Footprint Not Found RES_ERA6VEB1000V
Add component: Footprint Not Found RES_ERA6VEB1000V
Add component: Footprint Not Found RES_ERA6VEB1000V
Add component: Footprint Not Found DBV5
Add Pin To Net: Unknown Pin: Pin -5V-1
Add Pin To Net: Unknown Pin: Pin -5V-2
Add Pin To Net: Unknown Pin: Pin +5VO-1
Add Pin To Net: Unknown Pin: Pin +5VO-2
Add Pin To Net: Unknown Pin: Pin +5VT-1
Add Pin To Net: Unknown Pin: Pin +5VT-2
Add Pin To Net: Unknown Pin: Pin AMP1-1
Add Pin To Net: Unknown Pin: Pin AMP1-2
Add Pin To Net: Unknown Pin: Pin AMP2-1
Add Pin To Net: Unknown Pin: Pin AMP2-2
Add Pin To Net: Unknown Pin: Pin AMP3-1
Add Pin To Net: Unknown Pin: Pin AMP3-2
Add Pin To Net: Unknown Pin: Pin AMP4-1
Add Pin To Net: Unknown Pin: Pin AMP4-2
Add Pin To Net: Unknown Pin: Pin Attenuator-1
Add Pin To Net: Unknown Pin: Pin Attenuator-2
Add Pin To Net: Unknown Pin: Pin Attenuator-3
Add Pin To Net: Unknown Pin: Pin Attenuator-4
Add Pin To Net: Unknown Pin: Pin Attenuator-5
Add Pin To Net: Unknown Pin: Pin Attenuator-6
Add Pin To Net: Unknown Pin: Pin B1-1
Add Pin To Net: Unknown Pin: Pin B1-2
Add Pin To Net: Unknown Pin: Pin B1-3
Add Pin To Net: Unknown Pin: Pin B1-4
Add Pin To Net: Unknown Pin: Pin B1-5
Add Pin To Net: Unknown Pin: Pin B1-6
Add Pin To Net: Unknown Pin: Pin B2-1
Add Pin To Net: Unknown Pin: Pin B2-2
Add Pin To Net: Unknown Pin: Pin B2-3
Add Pin To Net: Unknown Pin: Pin B2-4
Add Pin To Net: Unknown Pin: Pin B2-5
Add Pin To Net: Unknown Pin: Pin B2-6
Add Pin To Net: Unknown Pin: Pin Bias-3
Add Pin To Net: Unknown Pin: Pin Bias-4
Add Pin To Net: Unknown Pin: Pin C1-1
Add Pin To Net: Unknown Pin: Pin C1-2
Add Pin To Net: Unknown Pin: Pin C2-1
Add Pin To Net: Unknown Pin: Pin C2-2
Add Pin To Net: Unknown Pin: Pin C3-2
Add Pin To Net: Unknown Pin: Pin C4-2
Add Pin To Net: Unknown Pin: Pin D1-1
Add Pin To Net: Unknown Pin: Pin D1-2
Add Pin To Net: Unknown Pin: Pin D1-3
Add Pin To Net: Unknown Pin: Pin D-Sep Supply-1
Add Pin To Net: Unknown Pin: Pin D-Sep Supply-2
Add Pin To Net: Unknown Pin: Pin D-Sep Supply-3
Add Pin To Net: Unknown Pin: Pin D-Sep Supply-4
Add Pin To Net: Unknown Pin: Pin D-Sep Supply-5
Add Pin To Net: Unknown Pin: Pin D-Sep Supply-6
Add Pin To Net: Unknown Pin: Pin D-Sep Supply-7
Add Pin To Net: Unknown Pin: Pin D-Sep Supply-9
Add Pin To Net: Unknown Pin: Pin D-Sep Supply-10
Add Pin To Net: Unknown Pin: Pin D-Sep Supply-11
Add Pin To Net: Unknown Pin: Pin D-Sep Supply-12
Add Pin To Net: Unknown Pin: Pin D-Sep Supply-13
Add Pin To Net: Unknown Pin: Pin D-Sep Supply-14
Add Pin To Net: Unknown Pin: Pin FF1-1
Add Pin To Net: Unknown Pin: Pin FF1-2
Add Pin To Net: Unknown Pin: Pin FF1-3
Add Pin To Net: Unknown Pin: Pin FF1-4
Add Pin To Net: Unknown Pin: Pin FF1-5
Add Pin To Net: Unknown Pin: Pin FF1-7
Add Pin To Net: Unknown Pin: Pin FF1-9
Add Pin To Net: Unknown Pin: Pin FF1-10
Add Pin To Net: Unknown Pin: Pin FF1-11
Add Pin To Net: Unknown Pin: Pin FF1-12
Add Pin To Net: Unknown Pin: Pin FF1-13
Add Pin To Net: Unknown Pin: Pin FF1-14
Add Pin To Net: Unknown Pin: Pin Fiber OTX-1
Add Pin To Net: Unknown Pin: Pin Fiber OTX-2
Add Pin To Net: Unknown Pin: Pin Fiber OTX-3
Add Pin To Net: Unknown Pin: Pin Fiber OTX-4
Add Pin To Net: Unknown Pin: Pin Fiber OTX-5
Add Pin To Net: Unknown Pin: Pin Fiber OTX-6
Add Pin To Net: Unknown Pin: Pin Fiber OTX-8
Add Pin To Net: Unknown Pin: Pin LED1-1
Add Pin To Net: Unknown Pin: Pin LED1-2
Add Pin To Net: Unknown Pin: Pin R1-1
Add Pin To Net: Unknown Pin: Pin R1-2
Add Pin To Net: Unknown Pin: Pin R2-1
Add Pin To Net: Unknown Pin: Pin R2-2
Add Pin To Net: Unknown Pin: Pin R3-1
Add Pin To Net: Unknown Pin: Pin R3-2
Add Pin To Net: Unknown Pin: Pin R4-1
Add Pin To Net: Unknown Pin: Pin R4-2
Add Pin To Net: Unknown Pin: Pin R8-1
Add Pin To Net: Unknown Pin: Pin R8-2
Add Pin To Net: Unknown Pin: Pin R9-1
Add Pin To Net: Unknown Pin: Pin R9-2
Add Pin To Net: Unknown Pin: Pin ST1-2
Add Pin To Net: Unknown Pin: Pin ST1-3
Add Pin To Net: Unknown Pin: Pin ST1-4
Add Pin To Net: Unknown Pin: Pin ST1-5
Add Class Member: Failed to add class member : Component -5V SML-LX1206GW-TR
Add Class Member: Failed to add class member : Component +5VO SML-LX1206GW-TR
Add Class Member: Failed to add class member : Component +5VT SML-LX1206GW-TR
Add Class Member: Failed to add class member : Component AMP1 DF11-4DP-2DSA(24)
Add Class Member: Failed to add class member : Component AMP2 DF11-4DP-2DSA(24)
Add Class Member: Failed to add class member : Component AMP3 DF11-4DP-2DSA(24)
Add Class Member: Failed to add class member : Component AMP4 DF11-4DP-2DSA(24)
Add Class Member: Failed to add class member : Component Attenuator DF11-6DP-2DSA(24)
Add Class Member: Failed to add class member : Component B1 LTC6994IS6-1#TRMPBF
Add Class Member: Failed to add class member : Component B2 LTC6994IS6-1#TRMPBF
Add Class Member: Failed to add class member : Component Bias DF11-4DP-2DSA(24)
Add Class Member: Failed to add class member : Component C1 VJ0805Y104KXQCW1BC
Add Class Member: Failed to add class member : Component C2 VJ0805Y104KXQCW1BC
Add Class Member: Failed to add class member : Component C3 VJ0805Y104KXACW1BC
Add Class Member: Failed to add class member : Component C4 VJ0805Y104KXACW1BC
Add Class Member: Failed to add class member : Component D1 DF11-4DP-2DSA(24)
Add Class Member: Failed to add class member : Component D-Sep Supply DF11-14DP-2DSA(24)
Add Class Member: Failed to add class member : Component FF1 SN74ACT74PWRQ1
Add Class Member: Failed to add class member : Component Fiber OTX DF11-8DP-2DSA(24)
Add Class Member: Failed to add class member : Component LED1 SML-LX1206GW-TR
Add Class Member: Failed to add class member : Component R1 ERA-6ARB513V
Add Class Member: Failed to add class member : Component R2 ERA-6ARB513V
Add Class Member: Failed to add class member : Component R3 ERA6VEB1000V
Add Class Member: Failed to add class member : Component R4 ERA6VEB1000V
Add Class Member: Failed to add class member : Component R8 ERA6VEB1000V
Add Class Member: Failed to add class member : Component R9 ERA6VEB1000V
Add Class Member: Failed to add class member : Component ST1 SN74LVC1G17DBVR
